Content-Type: text/x-zim-wiki
Wiki-Format: zim 0.4
Creation-Date: 2019-03-09T16:30:39+08:00

====== 2 xx-net未成功 ======
创建日期 星期六 09 三月 2019

[xx_net - 彼岸](https://www.051k.com/?p=999)

# Linux 手动处理用户级别证书

[https://github.com/XX-net/XX-Net/wiki/How-to-use](https://github.com/XX-net/XX-Net/wiki/How-to-use)

## 关于 ArchLinux

1. 可能需要的包: `python-pyopenssl python2-pyopenssl libffi pygtk python2-notify nss`
2. 安装xx-net: 在aur仓库中收录, 需要`yaourt`命令:`yaourt -S xx-net`
- 可选用`supervisor`工具进行管理, `xx-net`包中已包含了`supervisor`配置文件:`sudo pacman -S supervisorsudo systemctl enable supervisor`
1. 安装miredo:
- 在x86_64下安装:`yaourt -S miredosudo systemctl enable miredo`
- 在armv7h下安装(如: 树莓派):`yaourt -S miredo-debian# 此处需要supervisor 托管一个脚本，来解决systemd&sysctl 关于eth0 disable_ipv6的 bug`
- 运行miredo`sudo systemctl enable miredo`

创建文件夹

	mkdir -p ~/.pki/nssdb

手动导入证书到数据库

	certutil -d sql:. -A -t "C,," -n "GoAgent XX-Net - GoAgent" -i "/pathto/CA.crt"
	certutil -d sql:$HOME/.pki/nssdb -A -t "C,," -n "GoAgent XX-Net - GoAgent" -i "CA.crt"

若失败,可尝试更改证书数据库密码,可改为空

	modutil -changepw "NSS Certificate DB" -dbdir ~/.pki/nssdb

查看证书:

	certutil -L -d sql:~/.pki/nssdb

若要删除证书:

	certutil -d sql:~/.pki/nssdb -D -n "GoAgent XX-Net - GoAgent"

**导入证书时如果出现错误：**
$ certutil -d sql:$HOME/.pki/nssdb -A -t “CT,,” -n “goagent” -a -i ~/programs/goagent/local/CA.crt
certutil: function failed: security library: invalid arguments.

**查看一下证书目录：**
$ certutil -d sql:$HOME/.pki/nssdb -L

如果输出：
certutil: function failed: security library: bad database.

**说明数据库损坏，需要重建。**

$ mv ~/.pki/nssdb ~/.pki/nssdb.corrupted
$ mkdir -p ~/.pki/nssdb
$ chmod 700 ~/.pki/nssdb
$ certutil -d sql:$HOME/.pki/nssdb -N

**查看：**
$ certutil -d sql:$HOME/.pki/nssdb -L
Certificate Nickname Trust Attributes
SSL,S/MIME,JAR/XPI**导入证书：**
$ certutil -d sql:$HOME/.pki/nssdb -A -t “C,,” -n GoAgent -i ~/programs/goagent/local/CA.crt

Posted in [linux](https://www.051k.com/?cat=2)
